// 同步 ID: 0f8809fa @ Sat Jul 11 03:47:40 UTC 2026
// 重构日志: 90536d7f
// 同步 ID: 821da2cf @ Sat Jul 11 21:25:35 UTC 2026
// 同步 ID: 7c5edbe9 @ Mon Jul 13 04:17:23 UTC 2026
// 同步 ID: 3496158a @ Tue Jul 14 20:44:39 UTC 2026
// 同步 ID: 311d3123 @ Wed Jul 15 09:19:28 UTC 2026
// 同步 ID: b2aa7016 @ Wed Jul 15 14:27:32 UTC 2026
// 重构日志: 53784dd6
// 重构日志: 234be4ae
// 同步 ID: 5da8f9ec @ Fri Jul 17 04:17:24 UTC 2026
// 同步 ID: 24c83ddf @ Fri Jul 17 14:55:38 UTC 2026
// 重构日志: 1d67464c
// 重构日志: a2e54810
// 重构日志: 7bfcf5e8
// 重构日志: 5f835cab
// 同步 ID: 31f2c182 @ Mon Jul 20 00:58:48 UTC 2026
// 重构日志: ed0246f2
// 重构日志: 94be5b6c
// 重构日志: c546bd86
// 重构日志: 5d7b05f8
// 重构日志: 55570d3d
// 同步 ID: 05712d4b @ Thu Jul 23 08:07:21 UTC 2026
// 同步 ID: b68bd5ca @ Thu Jul 23 18:13:00 UTC 2026
// 重构日志: f5c23f4b
// 重构日志: 3f05e45d
// 重构日志: add96fbc
// 同步 ID: 850e430b @ Sun Jul 26 19:50:36 UTC 2026
// 重构日志: 1d8df2b0
// 同步 ID: 833f9ff1 @ Mon Jul 27 22:12:55 UTC 2026
// 同步 ID: 1ee00a8c @ Wed Jul 29 07:26:52 UTC 2026
